<!DOCTYPE html>
<html lang="ru">
 <head>
  <meta charset="utf-8"/>
  <title>
   Курсы по программированию Хекслет
  </title>
  <link href="https://cdn2.hexlet.io/assets/menu.css" media="all" rel="stylesheet"/>
  <link href="test-page-com_files/test-page-com-assets-application.css" media="all" rel="stylesheet"/>
  <link href="test-page-com_files/test-page-com-courses.html" rel="canonical"/>
 </head>
 <body>
  <img alt="Иконка профессии Node.js-программист" src="test-page-com_files/test-page-com-assets-professions-python.png"/>
  <h3>
   <a href="/professions/nodejs">
    Node.js-программист
   </a>
  </h3>
  <script src="https://js.stripe.com/v3/">
  </script>
  <script src="test-page-com_files/test-page-com-packs-js-runtime.js">
  </script>
 </body>
</html>